// Jest Snapshot v1, https://goo.gl/fbAQLP

exports[`pruebas en el <HomeScreen /> debe mostrarse correctamente 1`] = `
<div>
  <h1>
    HomeScreen
  </h1>
  <hr />
  <pre>
    {
   "name": "johan",
   "email": "johan@gmail.com"
}
  </pre>
</div>
`;
